// Jest Snapshot v1, https://goo.gl/fbAQLP

exports[`complex-schema decoders index.ts 1`] = `
"/* eslint-disable */

export { ScreenDecoder } from \"./Screen/decoder\";
export { ComponentDecoder } from \"./Component/decoder\";
export { TitleComponentDecoder } from \"./TitleComponent/decoder\";
export { ImageComponentDecoder } from \"./ImageComponent/decoder\";
"
`;

exports[`complex-schema models should match 1`] = `
"/* eslint-disable */
/**
 * This file was automatically generated by json-schema-to-typescript.
 * DO NOT MODIFY IT BY HAND. Instead, modify the source JSONSchema file,
 * and run json-schema-to-typescript to regenerate this file.
 */

export type Component = TitleComponent | ImageComponent;

export interface Screen {
  components: Component[];
}
export interface TitleComponent {
  type: \"title\";
  title: string;
  subtitle?: string | null;
}
export interface ImageComponent {
  type: \"image\";
  url: string;
}
"
`;

exports[`complex-schema schema should match 1`] = `
"{
  \"type\": \"object\",
  \"title\": \"Schema\",
  \"definitions\": {
    \"Screen\": {
      \"type\": \"object\",
      \"properties\": {
        \"components\": {
          \"type\": \"array\",
          \"items\": {
            \"$ref\": \"#/definitions/Component\"
          }
        }
      },
      \"required\": [
        \"components\"
      ],
      \"$schema\": \"http://json-schema.org/draft-04/schema#\"
    },
    \"Component\": {
      \"anyOf\": [
        {
          \"$ref\": \"#/definitions/TitleComponent\"
        },
        {
          \"$ref\": \"#/definitions/ImageComponent\"
        }
      ],
      \"$schema\": \"http://json-schema.org/draft-04/schema#\"
    },
    \"TitleComponent\": {
      \"type\": \"object\",
      \"properties\": {
        \"type\": {
          \"type\": \"string\",
          \"enum\": [
            \"title\"
          ]
        },
        \"title\": {
          \"type\": \"string\"
        },
        \"subtitle\": {
          \"type\": [
            \"string\",
            \"null\"
          ]
        }
      },
      \"required\": [
        \"type\",
        \"title\"
      ],
      \"$schema\": \"http://json-schema.org/draft-04/schema#\"
    },
    \"ImageComponent\": {
      \"type\": \"object\",
      \"properties\": {
        \"type\": {
          \"type\": \"string\",
          \"enum\": [
            \"image\"
          ]
        },
        \"url\": {
          \"type\": \"string\"
        }
      },
      \"required\": [
        \"type\",
        \"url\"
      ],
      \"$schema\": \"http://json-schema.org/draft-04/schema#\"
    }
  },
  \"properties\": {
    \"Screen\": {
      \"$ref\": \"#/definitions/Screen\"
    },
    \"Component\": {
      \"$ref\": \"#/definitions/Component\"
    },
    \"TitleComponent\": {
      \"$ref\": \"#/definitions/TitleComponent\"
    },
    \"ImageComponent\": {
      \"$ref\": \"#/definitions/ImageComponent\"
    }
  }
}"
`;
