// Jest Snapshot v1, https://goo.gl/fbAQLP

exports[`compose-schema decoders index.ts 1`] = `
"/* eslint-disable */

export { BarComponentDecoder } from \"./BarComponent/decoder\";
export { FooComponentDecoder } from \"./FooComponent/decoder\";
"
`;

exports[`compose-schema models should match 1`] = `
"/* eslint-disable */
/**
 * This file was automatically generated by json-schema-to-typescript.
 * DO NOT MODIFY IT BY HAND. Instead, modify the source JSONSchema file,
 * and run json-schema-to-typescript to regenerate this file.
 */

export type AnyComponent = BarComponent | FooComponent;

export interface BaseComponent {
  id: string;
}
export interface FooComponent {
  id: string;
  type: \"foo\";
  tag?: number | null;
}
export interface BarComponent {
  id: string;
  type: \"bar\";
  name: string;
}
"
`;

exports[`compose-schema schema should match 1`] = `
"{
  \"type\": \"object\",
  \"title\": \"Schema\",
  \"definitions\": {
    \"BaseComponent\": {
      \"type\": \"object\",
      \"properties\": {
        \"id\": {
          \"type\": \"string\"
        }
      },
      \"required\": [
        \"id\"
      ]
    },
    \"FooComponent\": {
      \"type\": \"object\",
      \"properties\": {
        \"id\": {
          \"type\": \"string\"
        },
        \"type\": {
          \"type\": \"string\",
          \"enum\": [
            \"foo\"
          ]
        },
        \"tag\": {
          \"type\": [
            \"number\",
            \"null\"
          ]
        }
      },
      \"required\": [
        \"id\",
        \"type\"
      ]
    },
    \"BarComponent\": {
      \"type\": \"object\",
      \"properties\": {
        \"id\": {
          \"type\": \"string\"
        },
        \"type\": {
          \"type\": \"string\",
          \"enum\": [
            \"bar\"
          ]
        },
        \"name\": {
          \"type\": \"string\"
        }
      },
      \"required\": [
        \"id\",
        \"type\",
        \"name\"
      ]
    },
    \"AnyComponent\": {
      \"anyOf\": [
        {
          \"$ref\": \"#/definitions/BarComponent\"
        },
        {
          \"$ref\": \"#/definitions/FooComponent\"
        }
      ]
    }
  },
  \"properties\": {
    \"BaseComponent\": {
      \"$ref\": \"#/definitions/BaseComponent\"
    },
    \"FooComponent\": {
      \"$ref\": \"#/definitions/FooComponent\"
    },
    \"BarComponent\": {
      \"$ref\": \"#/definitions/BarComponent\"
    },
    \"AnyComponent\": {
      \"$ref\": \"#/definitions/AnyComponent\"
    }
  }
}"
`;
